100 0.11
120 0.00
140 0.00
160 0.00
180 0.00
200 0.00
220 0.01
240 0.01
260 0.01
280 0.02
300 0.02
320 0.05
340 0.04
360 0.05
380 0.05
400 0.06
420 0.07
440 0.11
460 0.12
480 0.13
500 0.11
520 0.13
540 0.14
560 0.19
580 0.18
600 0.20
620 0.22
640 0.49
660 0.27
680 0.31
700 0.32
720 0.43
740 0.37
760 0.42
780 0.45
800 0.70
820 0.52
840 0.64
860 0.61
880 0.86
900 0.75
920 0.89
940 0.81
960 1.43
980 0.98
1000 1.08
1020 1.34
1040 1.43
1060 1.50
1080 1.53
1100 1.68
1120 1.89
1140 1.87
1160 1.69
1180 2.06
1200 2.19
1220 2.32
1240 2.44
1260 2.53
1280 4.33
1300 2.82
